// Jest Snapshot v1, https://goo.gl/fbAQLP

exports[`Card Component renders <Card /> component 1`] = `ShallowWrapper {}`;
