// Jest Snapshot v1, https://goo.gl/fbAQLP

exports[`<MyComponent /> renders <TotalPlans /> component 1`] = `ShallowWrapper {}`;
