// Jest Snapshot v1, https://goo.gl/fbAQLP

exports[`Button Component renders <Button /> component 1`] = `ShallowWrapper {}`;
