// Jest Snapshot v1, https://goo.gl/fbAQLP

exports[`SubscriptionPlansPage Component renders <SubscriptionPlansPage /> component 1`] = `ShallowWrapper {}`;
