// Jest Snapshot v1, https://goo.gl/fbAQLP

exports[`CardCounter Component renders <CardCounter /> component 1`] = `ShallowWrapper {}`;
